WARNING: A terminally deprecated method in sun.misc.Unsafe has been called
WARNING: sun.misc.Unsafe::objectFieldOffset has been called by com.google.common.util.concurrent.AbstractFuture$UnsafeAtomicHelper (file:/usr/share/maven/lib/guava.jar)
WARNING: Please consider reporting this to the maintainers of class com.google.common.util.concurrent.AbstractFuture$UnsafeAtomicHelper
WARNING: sun.misc.Unsafe::objectFieldOffset will be removed in a future release
[[1;34mINFO[m] Scanning for projects...
[[1;34mINFO[m] 
[[1;34mINFO[m] [1m----------------------< [0;36mcom.skd:sublimacion-api[0;1m >-----------------------[m
[[1;34mINFO[m] [1mBuilding sublimacion-api 0.0.1-SNAPSHOT[m
[[1;34mINFO[m] [1m--------------------------------[ jar ]---------------------------------[m
[[1;34mINFO[m] 
[[1;34mINFO[m] [1m>>> [0;32mspring-boot-maven-plugin:4.1.0:run[m [1m(default-cli)[0;1m > [0;1mtest-compile[m @ [36msublimacion-api[0;1m >>>[m
[[1;34mINFO[m] 
[[1;34mINFO[m] [1m--- [0;32mmaven-resources-plugin:3.5.0:resources[m [1m(default-resources)[m @ [36msublimacion-api[0;1m ---[m
[[1;34mINFO[m] Copying 1 resource from src/main/resources to target/classes
[[1;34mINFO[m] Copying 0 resource from src/main/resources to target/classes
[[1;34mINFO[m] 
[[1;34mINFO[m] [1m--- [0;32mmaven-compiler-plugin:3.15.0:compile[m [1m(default-compile)[m @ [36msublimacion-api[0;1m ---[m
[[1;34mINFO[m] Nothing to compile - all classes are up to date.
[[1;34mINFO[m] 
[[1;34mINFO[m] [1m--- [0;32mmaven-resources-plugin:3.5.0:testResources[m [1m(default-testResources)[m @ [36msublimacion-api[0;1m ---[m
[[1;34mINFO[m] skip non existing resourceDirectory /home/daniel/Documentos/proyecto/e-commerce-proyecto-main/e-commerce-proyecto-main/src/test/resources
[[1;34mINFO[m] 
[[1;34mINFO[m] [1m--- [0;32mmaven-compiler-plugin:3.15.0:testCompile[m [1m(default-testCompile)[m @ [36msublimacion-api[0;1m ---[m
[[1;34mINFO[m] Nothing to compile - all classes are up to date.
[[1;34mINFO[m] 
[[1;34mINFO[m] [1m<<< [0;32mspring-boot-maven-plugin:4.1.0:run[m [1m(default-cli)[0;1m < [0;1mtest-compile[m @ [36msublimacion-api[0;1m <<<[m
[[1;34mINFO[m] 
[[1;34mINFO[m] 
[[1;34mINFO[m] [1m--- [0;32mspring-boot-maven-plugin:4.1.0:run[m [1m(default-cli)[m @ [36msublimacion-api[0;1m ---[m
[[1;34mINFO[m] Attaching agents: []

  .   ____          _            __ _ _
 /\\ / ___'_ __ _ _(_)_ __  __ _ \ \ \ \
( ( )\___ | '_ | '_| | '_ \/ _` | \ \ \ \
 \\/  ___)| |_)| | | | | || (_| |  ) ) ) )
  '  |____| .__|_| |_|_| |_\__, | / / / /
 =========|_|==============|___/=/_/_/_/

 :: Spring Boot ::                (v4.1.0)

2026-07-27T01:52:55.870-05:00  INFO 81109 --- [           main] c.s.s.SublimacionApiApplication          : Starting SublimacionApiApplication using Java 25.0.3 with PID 81109 (/home/daniel/Documentos/proyecto/e-commerce-proyecto-main/e-commerce-proyecto-main/target/classes started by daniel in /home/daniel/Documentos/proyecto/e-commerce-proyecto-main/e-commerce-proyecto-main)
2026-07-27T01:52:55.873-05:00  INFO 81109 --- [           main] c.s.s.SublimacionApiApplication          : No active profile set, falling back to 1 default profile: "default"
2026-07-27T01:52:56.762-05:00  INFO 81109 --- [           main] .s.d.r.c.RepositoryConfigurationDelegate : Bootstrapping Spring Data JPA repositories in DEFAULT mode.
2026-07-27T01:52:56.853-05:00  INFO 81109 --- [           main] .s.d.r.c.RepositoryConfigurationDelegate : Finished Spring Data repository scanning in 80 ms. Found 12 JPA repository interfaces.
2026-07-27T01:52:57.363-05:00  INFO 81109 --- [           main] o.s.boot.tomcat.TomcatWebServer          : Tomcat initialized with port 8080 (http)
2026-07-27T01:52:57.377-05:00  INFO 81109 --- [           main] o.apache.catalina.core.StandardService   : Starting service [Tomcat]
2026-07-27T01:52:57.377-05:00  INFO 81109 --- [           main] o.apache.catalina.core.StandardEngine    : Starting Servlet engine: [Apache Tomcat/11.0.22]
2026-07-27T01:52:57.415-05:00  INFO 81109 --- [           main] b.w.c.s.WebApplicationContextInitializer : Root WebApplicationContext: initialization completed in 1466 ms
2026-07-27T01:52:57.582-05:00  INFO 81109 --- [           main] org.hibernate.orm.jpa                    : HHH008540: Processing PersistenceUnitInfo [name: default]
2026-07-27T01:52:57.621-05:00  INFO 81109 --- [           main] org.hibernate.orm.core                   : HHH000001: Hibernate ORM core version 7.4.1.Final
2026-07-27T01:52:58.022-05:00  INFO 81109 --- [           main] o.s.o.j.p.SpringPersistenceUnitInfo      : No LoadTimeWeaver setup: ignoring JPA class transformer
2026-07-27T01:52:58.051-05:00  INFO 81109 --- [           main] com.zaxxer.hikari.HikariDataSource       : HikariPool-1 - Starting...
2026-07-27T01:52:59.338-05:00  INFO 81109 --- [           main] com.zaxxer.hikari.pool.HikariPool        : HikariPool-1 - Added connection org.postgresql.jdbc.PgConnection@bb5f9d
2026-07-27T01:52:59.339-05:00  INFO 81109 --- [           main] com.zaxxer.hikari.HikariDataSource       : HikariPool-1 - Start completed.
2026-07-27T01:52:59.469-05:00  WARN 81109 --- [           main] org.hibernate.orm.deprecation            : HHH90000025: PostgreSQLDialect does not need to be specified explicitly using 'hibernate.dialect' (remove the property setting and it will be selected by default)
2026-07-27T01:52:59.864-05:00  INFO 81109 --- [           main] org.hibernate.orm.connections.pooling    : HHH10001005: Database info:
	Database JDBC URL [jdbc:postgresql://aws-1-us-east-1.pooler.supabase.com:5432/postgres]
	Database driver: PostgreSQL JDBC Driver
	Database dialect: PostgreSQLDialect
	Database version: 17.6
	Default catalog/schema: postgres/public
	Autocommit mode: undefined/unknown
	Isolation level: READ_COMMITTED [default READ_COMMITTED]
	JDBC fetch size: none
	Pool: DataSourceConnectionProvider
	Minimum pool size: undefined/unknown
	Maximum pool size: undefined/unknown
2026-07-27T01:53:01.072-05:00  INFO 81109 --- [           main] org.hibernate.orm.core                   : HHH000489: No JTA platform available (set 'hibernate.transaction.jta.platform' to enable JTA platform integration)
2026-07-27T01:53:01.582-05:00  INFO 81109 --- [           main] j.LocalContainerEntityManagerFactoryBean : Initialized JPA EntityManagerFactory for persistence unit 'default'
2026-07-27T01:53:01.679-05:00  INFO 81109 --- [           main] o.s.d.j.r.query.QueryEnhancerFactories   : Hibernate is in classpath; If applicable, HQL parser will be used.
2026-07-27T01:53:01.922-05:00  INFO 81109 --- [           main] eAuthenticationProviderManagerConfigurer : Global AuthenticationManager configured with AuthenticationProvider bean with name authenticationProvider
2026-07-27T01:53:01.922-05:00  WARN 81109 --- [           main] r$InitializeUserDetailsManagerConfigurer : Global AuthenticationManager configured with an AuthenticationProvider bean. UserDetailsService beans will not be used by Spring Security for automatically configuring username/password login. Consider removing the AuthenticationProvider bean. Alternatively, consider using the UserDetailsService in a manually instantiated DaoAuthenticationProvider. If the current configuration is intentional, to turn off this warning, increase the logging level of 'org.springframework.security.config.annotation.authentication.configuration.InitializeUserDetailsBeanManagerConfigurer' to ERROR
2026-07-27T01:53:02.074-05:00  WARN 81109 --- [           main] ConfigServletWebServerApplicationContext : Exception encountered during context initialization - cancelling refresh attempt: org.springframework.beans.factory.UnsatisfiedDependencyException: Error creating bean with name 'pagoController' defined in file [/home/daniel/Documentos/proyecto/e-commerce-proyecto-main/e-commerce-proyecto-main/target/classes/com/skd/sublimacion_api/controller/PagoController.class]: Unsatisfied dependency expressed through constructor parameter 0: No qualifying bean of type 'com.skd.sublimacion_api.service.PagoService' available: expected at least 1 bean which qualifies as autowire candidate. Dependency annotations: {}
2026-07-27T01:53:02.076-05:00  INFO 81109 --- [           main] j.LocalContainerEntityManagerFactoryBean : Closing JPA EntityManagerFactory for persistence unit 'default'
2026-07-27T01:53:02.078-05:00  INFO 81109 --- [           main] com.zaxxer.hikari.HikariDataSource       : HikariPool-1 - Shutdown initiated...
2026-07-27T01:53:02.502-05:00  INFO 81109 --- [           main] com.zaxxer.hikari.HikariDataSource       : HikariPool-1 - Shutdown completed.
2026-07-27T01:53:02.505-05:00  INFO 81109 --- [           main] o.apache.catalina.core.StandardService   : Stopping service [Tomcat]
2026-07-27T01:53:02.515-05:00  INFO 81109 --- [           main] .s.b.a.l.ConditionEvaluationReportLogger : 

Error starting ApplicationContext. To display the condition evaluation report re-run your application with 'debug' enabled.
2026-07-27T01:53:02.531-05:00 ERROR 81109 --- [           main] o.s.b.d.LoggingFailureAnalysisReporter   : 

***************************
APPLICATION FAILED TO START
***************************

Description:

Parameter 0 of constructor in com.skd.sublimacion_api.controller.PagoController required a bean of type 'com.skd.sublimacion_api.service.PagoService' that could not be found.


Action:

Consider defining a bean of type 'com.skd.sublimacion_api.service.PagoService' in your configuration.

[[1;34mINFO[m] [1m------------------------------------------------------------------------[m
[[1;34mINFO[m] [1;31mBUILD FAILURE[m
[[1;34mINFO[m] [1m------------------------------------------------------------------------[m
[[1;34mINFO[m] Total time:  8.756 s
[[1;34mINFO[m] Finished at: 2026-07-27T01:53:02-05:00
[[1;34mINFO[m] [1m------------------------------------------------------------------------[m
[[1;31mERROR[m] Failed to execute goal [32morg.springframework.boot:spring-boot-maven-plugin:4.1.0:run[m [1m(default-cli)[m on project [36msublimacion-api[m: [1;31mProcess terminated with exit code: 1[m -> [1m[Help 1][m
[[1;31mERROR[m] 
[[1;31mERROR[m] To see the full stack trace of the errors, re-run Maven with the [1m-e[m switch.
[[1;31mERROR[m] Re-run Maven using the [1m-X[m switch to enable full debug logging.
[[1;31mERROR[m] 
[[1;31mERROR[m] For more information about the errors and possible solutions, please read the following articles:
[[1;31mERROR[m] [1m[Help 1][m http://cwiki.apache.org/confluence/display/MAVEN/MojoExecutionException
